// Jest Snapshot v1, https://goo.gl/fbAQLP

exports[`Map renders loading container correctly 1`] = `
<div>
  Loading...
</div>
`;

exports[`Map renders map container correctly 1`] = `
<div
  style={
    Object {
      "height": "100%",
      "position": "absolute",
      "width": "100%",
    }
  }
>
  <div
    style={
      Object {
        "bottom": 0,
        "display": "inherit",
        "left": 0,
        "position": "absolute",
        "right": 0,
        "top": 0,
      }
    }
  >
    Loading map...
  </div>
</div>
`;
